// Jest Snapshot v1, https://goo.gl/fbAQLP

exports[`logo component should render correctly 1`] = `
<a
  href="/"
>
  Logo
</a>
`;
