// Jest Snapshot v1, https://goo.gl/fbAQLP

exports[`image component should render correctly 1`] = `
<DocumentFragment>
  <img />
</DocumentFragment>
`;
