// Jest Snapshot v1, https://goo.gl/fbAQLP

exports[`tag component should render correctly 1`] = `
<DocumentFragment>
  <span>
    tag
  </span>
</DocumentFragment>
`;
