// Jest Snapshot v1, https://goo.gl/fbAQLP

exports[`button component should render correctly 1`] = `
<button
  class="button"
>
  Button
</button>
`;
