// Jest Snapshot v1, https://goo.gl/fbAQLP

exports[`comment component should render correctly 1`] = `
<DocumentFragment>
  <div>
    <div />
    <div>
      <span>
        John Doe
      </span>
    </div>
  </div>
</DocumentFragment>
`;
