// Jest Snapshot v1, https://goo.gl/fbAQLP

exports[`breadcrumb component should render correctly 1`] = `
<ol
  class="breadcrumb"
>
  <li
    class="breadcrumb__item"
  >
    <a
      href="/"
    >
      Home
    </a>
  </li>
</ol>
`;
