// Jest Snapshot v1, https://goo.gl/fbAQLP

exports[`label component should render correctly 1`] = `
<label
  class="label"
>
  Label
</label>
`;
