// Jest Snapshot v1, https://goo.gl/fbAQLP

exports[`collections component should render correctly 1`] = `
<ul
  class="collections"
>
  <li>
    <div>
      <h1
        class="collections__title"
      >
        Collections
      </h1>
    </div>
  </li>
  <li>
    <div
      class="collectionPreview"
    >
      <figure>
        <a
          href="/collections/collection"
        >
          <div
            class="gatsby-image-wrapper gatsby-image-wrapper-constrained"
            data-gatsby-image-wrapper=""
            style="position: relative; overflow: hidden; display: inline-block; vertical-align: top;"
          >
            <div
              style="max-width: 635px; display: block;"
            >
              <img
                alt=""
                aria-hidden="true"
                role="presentation"
                src="data:image/svg+xml;charset=utf-8,%3Csvg height='560' width='635' xmlns='http://www.w3.org/2000/svg' version='1.1'%3E%3C/svg%3E"
                style="max-width: 100%; display: block; position: static;"
              />
            </div>
            <div
              aria-hidden="true"
              data-placeholder-image=""
              style="height: 100%; left: 0px; position: absolute; top: 0px; width: 100%;"
            />
            <picture>
              <source
                data-srcset="https://cdn.shopify.com/s/files/1/1776/8987/products/9f190cba7218c819c81566bca6298c6a_159x140_crop_center.jpg.webp?v=1590345972 159w,https://cdn.shopify.com/s/files/1/1776/8987/products/9f190cba7218c819c81566bca6298c6a_318x280_crop_center.jpg.webp?v=1590345972 318w,https://cdn.shopify.com/s/files/1/1776/8987/products/9f190cba7218c819c81566bca6298c6a_635x560_crop_center.jpg.webp?v=1590345972 635w"
                sizes="(min-width: 635px) 635px, 100vw"
                type="image/webp"
              />
              <img
                alt=""
                data-gatsby-image-ssr=""
                data-main-image=""
                data-src="https://cdn.shopify.com/s/files/1/1776/8987/products/9f190cba7218c819c81566bca6298c6a_635x560_crop_center.jpg?v=1590345972"
                data-srcset="https://cdn.shopify.com/s/files/1/1776/8987/products/9f190cba7218c819c81566bca6298c6a_159x140_crop_center.jpg?v=1590345972 159w,https://cdn.shopify.com/s/files/1/1776/8987/products/9f190cba7218c819c81566bca6298c6a_318x280_crop_center.jpg?v=1590345972 318w,https://cdn.shopify.com/s/files/1/1776/8987/products/9f190cba7218c819c81566bca6298c6a_635x560_crop_center.jpg?v=1590345972 635w"
                decoding="async"
                loading="lazy"
                sizes="(min-width: 635px) 635px, 100vw"
                style="height: 100%; left: 0px; position: absolute; top: 0px; transform: translateZ(0); transition: opacity 250ms linear; width: 100%; will-change: opacity; opacity: 0;"
              />
            </picture>
            <noscript />
            <script
              type="module"
            >
              const t="undefined"!=typeof HTMLImageElement&&"loading"in HTMLImageElement.prototype;if(t){const t=document.querySelectorAll("img[data-main-image]");for(let e of t){e.dataset.src&&(e.setAttribute("src",e.dataset.src),e.removeAttribute("data-src")),e.dataset.srcset&&(e.setAttribute("srcset",e.dataset.srcset),e.removeAttribute("data-srcset"));const t=e.parentNode.querySelectorAll("source[data-srcset]");for(let e of t)e.setAttribute("srcset",e.dataset.srcset),e.removeAttribute("data-srcset");e.complete&&(e.style.opacity=1,e.parentNode.parentNode.querySelector("[data-placeholder-image]").style.opacity=0)}}
            </script>
          </div>
        </a>
      </figure>
      <h3>
        <a
          href="/collections/collection"
        >
          Collection Title
        </a>
      </h3>
    </div>
  </li>
</ul>
`;
