// Jest Snapshot v1, https://goo.gl/fbAQLP

exports[`author component should render correctly 1`] = `
<DocumentFragment>
  <div>
    <span>
      John Doe
    </span>
  </div>
</DocumentFragment>
`;
