// Jest Snapshot v1, https://goo.gl/fbAQLP

exports[`grid component should render correctly 1`] = `
<DocumentFragment>
  <div
    class="grid"
  >
    Grid
  </div>
</DocumentFragment>
`;
