// Jest Snapshot v1, https://goo.gl/fbAQLP

exports[`main component should render correctly 1`] = `
<main
  class="main"
>
  Main
</main>
`;
