// Jest Snapshot v1, https://goo.gl/fbAQLP

exports[`tags component should render correctly 1`] = `
<ul
  class="tags"
>
  <li>
    <span>
      tag
    </span>
  </li>
</ul>
`;
