// Jest Snapshot v1, https://goo.gl/fbAQLP

exports[`page component should render correctly 1`] = `
<h1>
  Page Title
</h1>
`;
