// Jest Snapshot v1, https://goo.gl/fbAQLP

exports[`footer component should render correctly 1`] = `
<DocumentFragment>
  <footer
    class="footer"
  >
    Footer
  </footer>
</DocumentFragment>
`;
